2025-10-15T02:26:52.760Z - info: [LOGIN] Begin
2025-10-15T02:26:58.051Z - info: [LOGIN] Begin
2025-10-15T02:26:58.110Z - info: [LOGIN] End (success)
2025-10-15T02:34:30.796Z - info: Express server for Users listening on port3000
2025-10-15T02:35:17.561Z - info: [USERS] Register begin
2025-10-15T02:35:17.642Z - info: [USERS] Register ok
2025-10-15T02:35:19.970Z - info: [LOGIN] Begin
2025-10-15T02:35:20.028Z - info: [LOGIN] End (success)
2025-10-15T02:35:44.435Z - info: [LOGIN] Begin
2025-10-15T02:35:44.491Z - info: [LOGIN] End (success)
2025-10-15T02:35:55.929Z - info: [USERS] List all
2025-10-15T02:36:04.060Z - info: [USERS] List all
2025-10-15T02:37:14.227Z - info: [USERS] List all
2025-10-15T02:37:18.002Z - info: [USERS] List all
2025-10-15T02:45:32.396Z - info: [USERS] List all
2025-10-15T02:45:55.977Z - info: [USERS] List all
2025-10-15T02:51:35.046Z - info: [LOGIN] Begin
2025-10-15T02:51:35.099Z - info: [LOGIN] End (success)
2025-10-15T02:51:43.252Z - info: [USERS] List all
2025-10-15T02:52:36.160Z - info: [USERS] List all
2025-10-15T02:53:58.797Z - info: [USERS] List all
2025-10-15T02:54:03.654Z - info: [USERS] List all
2025-10-15T02:54:06.018Z - info: [USERS] List all
2025-10-15T02:56:11.735Z - info: [USERS] List all
2025-10-15T02:57:42.449Z - info: [LOGIN] Begin
2025-10-15T02:57:42.512Z - info: [LOGIN] End (success)
2025-10-15T02:57:50.620Z - info: [USERS] List all
2025-10-15T03:00:30.719Z - info: [USERS] List all
2025-10-15T03:10:09.592Z - info: [USERS] List all
2025-10-15T03:10:12.259Z - info: [USERS] List all
2025-10-15T03:10:14.959Z - info: [USERS] List all
2025-10-15T03:11:05.786Z - info: [USERS] List all
2025-10-15T03:11:48.824Z - info: [USERS] List all
2025-10-15T03:13:19.680Z - info: [USERS] List all
2025-10-15T03:13:30.407Z - info: [USERS] List all
2025-10-15T03:14:10.375Z - info: [LOGIN] Begin
2025-10-15T03:14:10.431Z - info: [LOGIN] End (success)
2025-10-15T03:14:10.453Z - info: [USERS] List all
2025-10-15T03:18:09.030Z - info: [USERS] List all
2025-10-15T03:18:30.898Z - info: [USERS] List all
2025-10-15T03:19:41.691Z - info: [LOGIN] Begin
2025-10-15T03:19:41.745Z - info: [LOGIN] End (success)
2025-10-15T03:19:41.767Z - info: [USERS] List all
2025-10-15T03:41:29.872Z - info: [USERS] Register begin
2025-10-15T03:41:29.931Z - info: [USERS] Register ok
2025-10-15T03:41:46.031Z - info: [LOGIN] Begin
2025-10-15T03:41:46.089Z - info: [LOGIN] End (success)
2025-10-15T03:41:46.126Z - info: [USERS] List all
2025-10-15T03:51:38.846Z - info: [USERS] List all
2025-10-15T03:51:39.719Z - info: [USERS] List all
2025-10-15T03:52:06.636Z - info: [USERS] Register begin
2025-10-15T03:52:06.697Z - info: [USERS] Register ok
2025-10-15T03:52:07.115Z - info: [USERS] List all
2025-10-15T03:52:38.221Z - info: [LOGIN] Begin
2025-10-15T03:52:38.278Z - info: [LOGIN] End (success)
2025-10-15T03:52:53.931Z - info: [LOGIN] Begin
2025-10-15T03:53:01.728Z - info: [LOGIN] Begin
2025-10-15T03:53:01.781Z - info: [LOGIN] End (success)
2025-10-15T03:53:01.802Z - info: [USERS] List all
2025-10-15T03:57:51.108Z - info: [LOGIN] Begin
2025-10-15T03:57:51.159Z - info: [LOGIN] End (success)
2025-10-15T03:57:51.204Z - info: [USERS] List all
2025-10-15T03:57:57.754Z - info: [USERS] List all
2025-10-15T04:03:08.844Z - info: [USERS] List all
2025-10-15T04:03:12.690Z - info: [USERS] List all
2025-10-15T04:03:31.161Z - info: [USERS] List all
2025-10-15T04:03:31.587Z - info: [USERS] List all
2025-10-15T04:04:40.535Z - info: [USERS] List all
2025-10-15T04:04:45.504Z - info: [USERS] List all
2025-10-15T04:04:46.973Z - info: [USERS] List all
2025-10-15T04:04:48.602Z - info: [USERS] List all
2025-10-15T04:04:50.773Z - info: [USERS] List all
2025-10-15T04:05:55.530Z - info: [USERS] List all
2025-10-15T04:05:56.009Z - info: [USERS] List all
2025-10-15T04:05:56.190Z - info: [USERS] List all
2025-10-15T04:06:29.583Z - info: [USERS] List all
2025-10-15T04:06:30.011Z - info: [USERS] List all
2025-10-15T04:06:30.201Z - info: [USERS] List all
2025-10-15T04:09:36.797Z - info: [USERS] List all
2025-10-15T04:09:42.166Z - info: [USERS] List all
2025-10-15T04:09:44.923Z - info: [USERS] List all
2025-10-15T04:09:45.116Z - info: [USERS] List all
2025-10-15T04:09:45.259Z - info: [USERS] List all
2025-10-15T04:10:16.737Z - info: [USERS] List all
2025-10-15T04:10:52.390Z - info: [USERS] List all
2025-10-15T04:10:54.752Z - info: [USERS] List all
2025-10-15T04:11:22.856Z - info: [LOGIN] Begin
2025-10-15T04:11:22.911Z - info: [LOGIN] End (success)
2025-10-15T04:11:22.963Z - info: [USERS] List all
2025-10-15T04:11:25.930Z - info: [USERS] List all
2025-10-15T04:15:50.609Z - info: [LOGIN] Begin
2025-10-15T04:15:50.663Z - info: [LOGIN] End (success)
2025-10-15T04:15:50.708Z - info: [USERS] List all
2025-10-15T04:23:40.191Z - info: Express server for Users listening on port3000
2025-10-15T04:28:36.509Z - info: Express server for Users listening on port3000
2025-10-15T13:39:19.415Z - info: Express server for Users listening on port3000
2025-10-15T13:42:18.801Z - info: [USERS] Register begin
2025-10-15T13:42:19.113Z - info: [USERS] Register ok
2025-10-15T13:42:33.187Z - info: [LOGIN] Begin
2025-10-15T13:42:33.399Z - info: [LOGIN] End (success)
2025-10-15T13:42:43.431Z - info: [USERS] List all
2025-10-15T13:43:03.755Z - info: [USERS] Register begin
2025-10-15T13:43:03.938Z - info: [USERS] Register ok
2025-10-15T13:43:15.662Z - info: [LOGIN] Begin
2025-10-15T13:43:15.847Z - info: [LOGIN] End (success)
2025-10-15T13:43:47.058Z - info: [USERS] List all
2025-10-15T13:43:54.039Z - info: [USERS] List all
2025-10-15T14:26:35.638Z - info: [LOGIN] Begin
2025-10-15T14:26:35.743Z - info: [LOGIN] End (success)
2025-10-15T14:26:35.913Z - info: [USERS] List all
2025-10-15T14:27:15.543Z - info: [LOGIN] Begin
2025-10-15T14:27:15.633Z - info: [LOGIN] End (success)
2025-10-15T15:02:35.209Z - info: [LOGIN] Begin
2025-10-15T15:02:35.323Z - info: [LOGIN] End (success)
2025-10-15T15:06:38.057Z - info: [LOGIN] Begin
2025-10-15T15:06:38.146Z - info: [LOGIN] End (success)
2025-10-15T15:35:27.368Z - info: [LOGIN] Begin
2025-10-15T15:35:27.492Z - info: [LOGIN] End (success)
2025-10-15T15:58:21.293Z - info: [LOGIN] Begin
2025-10-15T15:58:21.386Z - info: [LOGIN] End (success)
2025-10-15T16:43:49.342Z - info: [LOGIN] Begin
2025-10-15T16:43:49.477Z - info: [LOGIN] End (success)
2025-10-15T19:12:29.348Z - info: [LOGIN] Begin
2025-10-15T19:12:29.444Z - info: [LOGIN] End (success)
2025-10-15T19:13:47.460Z - info: [LOGIN] Begin
2025-10-15T19:14:09.391Z - info: [LOGIN] Begin
2025-10-15T19:14:09.481Z - info: [LOGIN] End (success)
2025-10-15T19:41:31.277Z - info: Express server for Users listening on port3000
2025-10-15T19:43:32.039Z - info: Express server for Users listening on port3000
2025-10-15T19:51:56.340Z - info: Express server for Users listening on port3000
2025-10-15T20:20:49.153Z - info: [LOGIN] Begin
2025-10-15T20:20:49.281Z - info: [LOGIN] End (success)
2025-10-15T20:22:46.891Z - info: [LOGIN] Begin
2025-10-15T20:22:46.988Z - info: [LOGIN] End (success)
2025-10-15T20:31:19.057Z - info: Express server for Users listening on port3000
2025-10-15T21:00:04.492Z - info: Express server for Users listening on port3000
2025-10-15T21:11:01.855Z - info: Express server for Users listening on port3000
2025-10-15T21:18:23.677Z - info: Express server for Users listening on port3000
2025-10-15T21:22:51.877Z - info: Express server for Users listening on port3000
2025-10-15T21:23:54.285Z - info: [LOGIN] Begin
2025-10-15T21:23:54.418Z - info: [LOGIN] End (success)
2025-10-15T21:25:44.800Z - info: [LOGIN] Begin
2025-10-15T21:25:44.897Z - info: [LOGIN] End (success)
2025-10-15T21:30:53.188Z - info: Express server for Users listening on port3000
2025-10-15T21:39:18.019Z - info: Express server for Users listening on port3000
2025-10-15T21:42:17.720Z - info: Express server for Users listening on port3000
2025-10-15T21:53:11.191Z - info: Express server for Users listening on port3000
2025-10-15T21:59:55.075Z - info: Express server for Users listening on port3000
2025-10-16T00:51:11.110Z - info: Express server for Users listening on port3000
2025-10-16T00:53:49.462Z - info: [LOGIN] Begin
2025-10-16T00:53:49.621Z - info: [LOGIN] End (success)
2025-10-16T01:33:15.866Z - info: Express server for Users listening on port3000
2025-10-16T01:34:15.039Z - info: [LOGIN] Begin
2025-10-16T01:34:20.041Z - info: [LOGIN] Begin
2025-10-16T01:34:20.225Z - info: [LOGIN] End (success)
2025-10-16T01:53:17.435Z - info: Express server for Users listening on port3000
2025-10-16T02:01:30.534Z - info: Express server for Users listening on port3000
2025-10-16T02:01:36.565Z - info: [LOGIN] Begin
2025-10-16T02:01:36.888Z - info: [LOGIN] End (success)
2025-10-16T02:03:27.913Z - info: [LOGIN] Begin
2025-10-16T02:03:28.115Z - info: [LOGIN] End (success)
2025-10-16T02:03:28.197Z - info: [USERS] List all
2025-10-16T02:03:36.594Z - info: [USERS] List all
2025-10-16T02:05:20.942Z - info: [USERS] List all
2025-10-16T02:05:54.414Z - info: [LOGIN] Begin
2025-10-16T02:05:54.561Z - info: [LOGIN] End (success)
2025-10-16T02:10:35.268Z - info: Express server for Users listening on port3000
2025-10-16T02:11:49.714Z - info: [LOGIN] Begin
2025-10-16T02:11:49.943Z - info: [LOGIN] End (success)
2025-10-16T02:11:50.021Z - info: [USERS] List all
2025-10-16T02:12:04.596Z - info: [LOGIN] Begin
2025-10-16T02:12:04.748Z - info: [LOGIN] End (success)
2025-10-16T02:17:40.615Z - info: Express server for Users listening on port3000
2025-10-16T02:18:41.364Z - info: [LOGIN] Begin
2025-10-16T02:18:41.592Z - info: [LOGIN] End (success)
2025-10-16T02:25:51.756Z - info: Express server for Users listening on port3000
2025-10-16T02:31:40.631Z - info: [LOGIN] Begin
2025-10-16T02:31:40.856Z - info: [LOGIN] End (success)
2025-10-16T02:31:41.025Z - info: [USERS] List all
2025-10-16T02:31:47.457Z - info: [USERS] List all
2025-10-16T02:32:05.682Z - info: [USERS] List all
2025-10-16T02:32:35.807Z - info: [LOGIN] Begin
2025-10-16T02:32:35.960Z - info: [LOGIN] End (success)
2025-10-16T03:01:35.058Z - info: Express server for Users listening on port3000
2025-10-16T03:01:59.093Z - info: [LOGIN] Begin
2025-10-16T03:01:59.372Z - info: [LOGIN] End (success)
2025-10-16T03:11:45.384Z - info: Express server for Users listening on port3000
2025-10-16T03:28:18.597Z - info: [LOGIN] Begin
2025-10-16T03:28:18.830Z - info: [LOGIN] End (success)
2025-10-16T03:32:15.262Z - info: [LOGIN] Begin
2025-10-16T03:32:15.410Z - info: [LOGIN] End (success)
2025-10-16T03:32:15.554Z - info: [USERS] List all
2025-10-16T03:32:55.728Z - info: [LOGIN] Begin
2025-10-16T03:32:55.872Z - info: [LOGIN] End (success)
2025-10-16T03:38:50.673Z - info: [LOGIN] Begin
2025-10-16T03:38:50.823Z - info: [LOGIN] End (success)
2025-10-16T03:38:50.931Z - info: [USERS] List all
2025-10-16T03:57:49.035Z - info: [USERS] List all
2025-10-16T03:57:50.238Z - info: [USERS] List all
2025-10-16T03:57:51.156Z - info: [USERS] List all
2025-10-16T03:57:52.778Z - info: [USERS] List all
2025-10-16T03:58:13.912Z - info: [USERS] List all
2025-10-16T03:58:38.285Z - info: [USERS] List all
2025-10-16T03:58:39.322Z - info: [USERS] List all
2025-10-16T03:58:39.935Z - info: [USERS] List all
2025-10-16T03:58:40.588Z - info: [USERS] List all
2025-10-16T04:21:37.640Z - info: [LOGIN] Begin
2025-10-16T04:21:37.798Z - info: [LOGIN] End (success)
2025-10-16T04:21:53.424Z - info: [USERS] List all
2025-10-16T04:21:56.702Z - info: [USERS] List all
2025-10-16T04:24:06.928Z - info: [USERS] List all
2025-10-16T04:24:09.888Z - info: [USERS] List all
2025-10-16T04:24:10.806Z - info: [USERS] List all
2025-10-16T04:24:38.552Z - info: [USERS] List all
2025-10-16T04:24:39.806Z - info: [USERS] List all
2025-10-16T04:24:40.519Z - info: [USERS] List all
2025-10-16T04:24:41.112Z - info: [USERS] List all
2025-10-16T04:24:42.074Z - info: [USERS] List all
2025-10-16T04:26:13.163Z - info: [USERS] List all
2025-10-16T04:26:15.285Z - info: [USERS] List all
2025-10-16T04:26:28.606Z - info: [USERS] List all
2025-10-16T04:26:35.832Z - info: [USERS] List all
2025-10-16T04:26:39.500Z - info: [USERS] List all
2025-10-16T04:28:15.148Z - info: [USERS] List all
2025-10-16T04:28:37.993Z - info: [USERS] List all
2025-10-16T04:28:42.181Z - info: [USERS] List all
2025-10-16T04:28:43.207Z - info: [USERS] List all
2025-10-16T04:28:44.991Z - info: [USERS] List all
2025-10-16T04:28:45.825Z - info: [USERS] List all
2025-10-16T04:29:24.215Z - info: [USERS] List all
2025-10-16T04:29:26.990Z - info: [USERS] List all
2025-10-16T04:29:28.965Z - info: [USERS] List all
2025-10-16T04:29:32.646Z - info: [USERS] List all
2025-10-16T04:29:41.479Z - info: [USERS] List all
2025-10-16T04:29:43.043Z - info: [USERS] List all
2025-10-16T04:29:49.782Z - info: [USERS] List all
2025-10-16T04:29:50.832Z - info: [USERS] List all
2025-10-16T04:30:23.184Z - info: [USERS] List all
2025-10-16T04:30:24.439Z - info: [USERS] List all
2025-10-16T04:30:26.268Z - info: [USERS] List all
2025-10-16T04:30:27.171Z - info: [USERS] List all
2025-10-16T04:30:28.657Z - info: [USERS] List all
2025-10-16T04:30:31.515Z - info: [USERS] List all
2025-10-16T04:30:35.243Z - info: [USERS] List all
2025-10-16T04:30:44.790Z - info: [USERS] List all
2025-10-16T04:30:46.308Z - info: [USERS] List all
2025-10-16T04:30:49.066Z - info: [USERS] List all
2025-10-16T04:30:52.727Z - info: [USERS] List all
2025-10-16T04:31:29.868Z - info: [LOGIN] Begin
2025-10-16T04:31:30.013Z - info: [LOGIN] End (success)
2025-10-16T04:31:30.037Z - info: [USERS] List all
2025-10-16T04:31:37.932Z - info: [USERS] List all
2025-10-16T04:34:49.205Z - info: [USERS] List all
2025-10-16T04:35:12.601Z - info: [USERS] List all
2025-10-16T04:35:15.131Z - info: [USERS] List all
2025-10-16T04:35:17.452Z - info: [USERS] List all
2025-10-16T04:35:18.720Z - info: [USERS] List all
2025-10-16T04:35:20.501Z - info: [USERS] List all
2025-10-16T04:40:45.595Z - info: [USERS] List all
2025-10-16T04:40:51.505Z - info: [USERS] List all
2025-10-16T04:40:54.003Z - info: [USERS] List all
2025-10-16T04:40:56.466Z - info: [USERS] List all
2025-10-16T04:41:00.119Z - info: [USERS] List all
2025-10-16T04:41:00.990Z - info: [USERS] List all
2025-10-16T04:41:08.658Z - info: [USERS] List all
2025-10-16T04:41:09.392Z - info: [USERS] List all
2025-10-16T04:41:10.561Z - info: [USERS] List all
2025-10-16T04:41:58.734Z - info: [USERS] List all
2025-10-16T04:41:59.623Z - info: [USERS] List all
2025-10-16T04:42:00.367Z - info: [USERS] List all
2025-10-16T04:42:02.632Z - info: [USERS] List all
2025-10-16T04:42:04.668Z - info: [USERS] List all
2025-10-16T04:42:25.004Z - info: [USERS] List all
2025-10-16T04:43:24.759Z - info: [USERS] List all
2025-10-16T04:43:25.759Z - info: [USERS] List all
2025-10-16T04:43:28.192Z - info: [USERS] List all
2025-10-16T04:43:28.869Z - info: [USERS] List all
2025-10-16T04:43:29.362Z - info: [USERS] List all
2025-10-16T04:43:30.071Z - info: [USERS] List all
2025-10-16T04:43:31.584Z - info: [USERS] List all
2025-10-16T04:43:34.841Z - info: [USERS] List all
2025-10-16T04:43:36.754Z - info: [USERS] List all
2025-10-16T04:43:37.747Z - info: [USERS] List all
2025-10-16T04:43:44.023Z - info: [USERS] List all
2025-10-16T04:47:23.426Z - info: [LOGIN] Begin
2025-10-16T04:47:23.571Z - info: [LOGIN] End (success)
2025-10-16T04:47:35.822Z - info: [LOGIN] Begin
2025-10-16T04:47:35.964Z - info: [LOGIN] End (success)
2025-10-16T04:49:20.111Z - info: [USERS] List all
2025-10-16T04:49:23.135Z - info: [USERS] List all
2025-10-16T04:50:33.131Z - info: [USERS] List all
2025-10-16T04:50:34.157Z - info: [USERS] List all
2025-10-16T04:50:35.030Z - info: [USERS] List all
2025-10-16T04:50:36.579Z - info: [USERS] List all
2025-10-16T04:50:37.213Z - info: [USERS] List all
2025-10-16T04:50:37.948Z - info: [USERS] List all
2025-10-16T04:50:39.228Z - info: [USERS] List all
2025-10-16T04:50:40.519Z - info: [USERS] List all
2025-10-16T04:50:59.027Z - info: [USERS] List all
2025-10-16T04:51:00.737Z - info: [USERS] List all
2025-10-16T04:51:01.844Z - info: [USERS] List all
2025-10-16T04:52:18.298Z - info: [USERS] List all
2025-10-16T04:54:56.193Z - info: [USERS] List all
2025-10-16T04:54:57.156Z - info: [USERS] List all
2025-10-16T04:54:58.968Z - info: [USERS] List all
2025-10-16T04:55:00.192Z - info: [USERS] List all
2025-10-16T04:55:00.948Z - info: [USERS] List all
2025-10-16T04:55:01.742Z - info: [USERS] List all
2025-10-16T04:55:02.654Z - info: [USERS] List all
2025-10-16T04:55:03.558Z - info: [USERS] List all
2025-10-16T04:55:04.522Z - info: [USERS] List all
2025-10-16T04:55:14.084Z - info: [USERS] List all
2025-10-16T04:55:41.963Z - info: [USERS] List all
2025-10-16T04:55:43.846Z - info: [USERS] List all
2025-10-16T04:55:50.185Z - info: [USERS] List all
2025-10-16T04:55:58.489Z - info: [USERS] List all
2025-10-16T04:56:01.556Z - info: [USERS] List all
2025-10-16T04:56:05.505Z - info: [USERS] List all
2025-10-16T05:06:26.448Z - info: [USERS] Register begin
2025-10-16T05:06:26.636Z - info: [USERS] Register ok
2025-10-16T05:06:33.552Z - info: [LOGIN] Begin
2025-10-16T05:06:33.696Z - info: [LOGIN] End (success)
2025-10-16T05:11:56.883Z - info: [LOGIN] Begin
2025-10-16T05:11:57.030Z - info: [LOGIN] End (success)
2025-10-16T05:11:57.096Z - info: [USERS] List all
2025-10-16T05:11:58.792Z - info: [USERS] List all
2025-10-16T05:12:03.688Z - info: [USERS] List all
2025-10-16T05:18:40.188Z - info: [LOGIN] Begin
2025-10-16T05:18:40.336Z - info: [LOGIN] End (success)
2025-10-16T05:18:40.467Z - info: [USERS] List all
2025-10-16T05:18:44.992Z - info: [USERS] List all
2025-10-16T05:18:46.272Z - info: [USERS] List all
2025-10-16T05:18:51.959Z - info: [USERS] List all
2025-10-16T05:18:54.004Z - info: [USERS] List all
2025-10-16T05:18:56.269Z - info: [USERS] List all
2025-10-16T05:18:59.651Z - info: [USERS] List all
2025-10-16T05:19:02.936Z - info: [USERS] List all
2025-10-16T05:19:05.803Z - info: [USERS] List all
2025-10-16T05:19:07.391Z - info: [USERS] List all
2025-10-16T05:19:08.767Z - info: [USERS] List all
2025-10-16T05:19:10.090Z - info: [USERS] List all
2025-10-16T05:19:14.346Z - info: [USERS] List all
2025-10-16T05:19:17.880Z - info: [USERS] List all
2025-10-16T05:20:11.495Z - info: [USERS] List all
2025-10-16T05:20:12.652Z - info: [USERS] List all
2025-10-16T05:24:06.181Z - info: [LOGIN] Begin
2025-10-16T05:24:06.323Z - info: [LOGIN] End (success)
2025-10-16T05:24:06.391Z - info: [USERS] List all
2025-10-16T05:24:47.329Z - info: [USERS] Register begin
2025-10-16T05:24:47.479Z - info: [USERS] Register ok
2025-10-16T05:24:47.957Z - info: [USERS] List all
2025-10-16T05:25:30.210Z - info: [USERS] List all
2025-10-16T05:25:30.870Z - info: [USERS] List all
2025-10-16T05:25:47.477Z - info: [LOGIN] Begin
2025-10-16T05:25:47.620Z - info: [LOGIN] End (success)
2025-10-16T05:27:33.144Z - info: [LOGIN] Begin
2025-10-16T05:27:33.285Z - info: [LOGIN] End (success)
2025-10-16T05:27:33.338Z - info: [USERS] List all
2025-10-16T05:29:01.131Z - info: [LOGIN] Begin
2025-10-16T05:29:01.276Z - info: [LOGIN] End (success)
2025-10-16T05:29:28.594Z - info: [USERS] List all
2025-10-16T05:29:56.160Z - info: [USERS] List all
2025-10-16T05:30:49.097Z - info: [USERS] List all
2025-10-16T05:32:39.796Z - info: [USERS] List all
2025-10-16T05:32:48.129Z - info: [USERS] List all
2025-10-16T05:33:00.916Z - info: [USERS] List all
2025-10-16T05:34:42.791Z - info: [USERS] List all
2025-10-16T05:35:17.451Z - info: [USERS] List all
2025-10-16T05:35:22.367Z - info: [USERS] List all
2025-10-16T05:35:27.066Z - info: [USERS] List all
2025-10-16T05:35:28.676Z - info: [USERS] List all
2025-10-16T05:37:47.614Z - info: [USERS] List all
2025-10-16T05:37:49.081Z - info: [USERS] List all
2025-10-16T05:37:54.816Z - info: [USERS] List all
2025-10-16T05:37:57.900Z - info: [USERS] List all
2025-10-16T05:38:13.856Z - info: [USERS] List all
2025-10-16T05:38:15.701Z - info: [USERS] List all
2025-10-16T05:38:34.459Z - info: [USERS] List all
2025-10-16T05:38:37.656Z - info: [USERS] List all
2025-10-16T05:38:40.527Z - info: [USERS] List all
2025-10-16T05:38:42.448Z - info: [USERS] List all
2025-10-16T05:38:47.318Z - info: [USERS] List all
2025-10-16T05:38:48.430Z - info: [USERS] List all
2025-10-16T05:38:48.934Z - info: [USERS] List all
2025-10-16T05:38:49.460Z - info: [USERS] List all
2025-10-16T05:38:49.956Z - info: [USERS] List all
2025-10-16T05:38:50.570Z - info: [USERS] List all
2025-10-16T05:38:51.035Z - info: [USERS] List all
2025-10-16T05:38:51.511Z - info: [USERS] List all
2025-10-16T05:38:51.990Z - info: [USERS] List all
2025-10-16T05:38:52.445Z - info: [USERS] List all
2025-10-16T05:38:52.982Z - info: [USERS] List all
2025-10-16T05:39:04.085Z - info: [LOGIN] Begin
2025-10-16T05:39:04.229Z - info: [LOGIN] End (success)
2025-10-16T13:29:43.845Z - info: Express server for Users listening on port3000
2025-10-16T13:35:14.987Z - info: [USERS] Register begin
2025-10-16T13:35:15.068Z - info: [USERS] Register ok
2025-10-16T13:36:02.075Z - info: [USERS] Register begin
2025-10-16T13:36:02.129Z - info: [USERS] Register ok
2025-10-16T13:36:10.993Z - info: [LOGIN] Begin
2025-10-16T13:36:11.051Z - info: [LOGIN] End (success)
2025-10-16T13:36:11.077Z - info: [USERS] List all
2025-10-16T13:36:25.456Z - info: [USERS] List all
2025-10-16T13:37:27.660Z - info: [LOGIN] Begin
2025-10-16T13:37:27.711Z - info: [LOGIN] End (success)
2025-10-16T13:37:35.646Z - info: [USERS] List all
2025-10-16T13:37:40.856Z - info: [USERS] List all
2025-10-16T13:37:47.736Z - info: [USERS] List all
2025-10-16T13:38:08.033Z - info: [USERS] List all
2025-10-16T13:38:13.552Z - info: [USERS] List all
2025-10-16T13:38:15.466Z - info: [USERS] List all
2025-10-16T13:39:07.326Z - info: [USERS] Register begin
2025-10-16T13:39:07.378Z - info: [USERS] Register ok
2025-10-16T13:39:12.777Z - info: [LOGIN] Begin
2025-10-16T13:39:16.331Z - info: [LOGIN] Begin
2025-10-16T13:39:16.382Z - info: [LOGIN] End (success)
2025-10-16T13:42:57.161Z - info: [LOGIN] Begin
2025-10-16T13:42:57.217Z - info: [LOGIN] End (success)
2025-10-16T13:43:38.846Z - info: [LOGIN] Begin
2025-10-16T13:43:38.897Z - info: [LOGIN] End (success)
2025-10-16T13:43:38.917Z - info: [USERS] List all
2025-10-16T13:43:45.254Z - info: [USERS] List all
2025-10-16T13:51:08.268Z - info: Express server for Users listening on port3000
2025-10-16T13:51:57.232Z - info: [USERS] Register begin
2025-10-16T13:51:57.304Z - info: [USERS] Register ok
2025-10-16T13:52:56.174Z - info: [LOGIN] Begin
2025-10-16T13:52:56.229Z - info: [LOGIN] End (success)
2025-10-16T13:52:56.321Z - info: [USERS] List all
2025-10-16T13:53:02.652Z - info: [USERS] List all
2025-10-16T13:55:18.854Z - info: [USERS] List all
2025-10-16T13:55:19.962Z - info: [USERS] List all
2025-10-16T14:02:26.735Z - info: Express server for Users listening on port3000
2025-10-16T14:11:12.172Z - info: Express server for Users listening on port3000
2025-10-16T14:11:46.087Z - info: [USERS] Register begin
2025-10-16T14:11:46.160Z - info: [USERS] Register ok
2025-10-16T14:21:01.305Z - info: Express server for Users listening on port3000
2025-10-16T14:21:43.741Z - info: [USERS] Register begin
2025-10-16T14:21:43.811Z - info: [USERS] Register ok
2025-10-16T14:25:06.160Z - info: [LOGIN] Begin
2025-10-16T14:25:06.216Z - info: [LOGIN] End (success)
2025-10-16T14:26:30.453Z - info: [LOGIN] Begin
2025-10-16T14:26:30.504Z - info: [LOGIN] End (success)
2025-10-16T14:33:52.036Z - info: [LOGIN] Begin
2025-10-16T14:33:52.088Z - info: [LOGIN] End (success)
2025-10-16T14:35:50.430Z - info: Express server for Users listening on port3000
2025-10-16T14:36:34.882Z - info: [USERS] Register begin
2025-10-16T14:36:34.951Z - info: [USERS] Register ok
2025-10-16T14:36:43.445Z - info: [USERS] Register begin
2025-10-16T14:36:43.496Z - info: [USERS] Register ok
2025-10-16T14:36:51.121Z - info: [LOGIN] Begin
2025-10-16T14:36:51.176Z - info: [LOGIN] End (success)
2025-10-16T14:36:51.269Z - info: [USERS] List all
2025-10-16T14:37:21.796Z - info: [USERS] List all
2025-10-16T14:40:36.781Z - info: [LOGIN] Begin
2025-10-16T14:40:36.841Z - info: [LOGIN] End (success)
2025-10-16T14:48:15.812Z - info: [LOGIN] Begin
2025-10-16T14:48:19.217Z - info: [LOGIN] Begin
2025-10-16T14:48:19.267Z - info: [LOGIN] End (success)
2025-10-16T14:48:19.310Z - info: [USERS] List all
2025-10-16T14:49:43.120Z - info: Express server for Users listening on port3000
2025-10-16T14:50:37.600Z - info: [USERS] Register begin
2025-10-16T14:50:37.669Z - info: [USERS] Register ok
2025-10-16T14:50:54.763Z - info: [USERS] List all
2025-10-16T14:50:59.802Z - info: [LOGIN] Begin
2025-10-16T14:50:59.854Z - info: [LOGIN] End (success)
2025-10-16T14:50:59.873Z - info: [USERS] List all
2025-10-16T14:51:51.439Z - info: [USERS] List all
2025-10-16T14:52:10.405Z - info: [USERS] List all
2025-10-16T14:52:12.156Z - info: [USERS] List all
2025-10-16T14:54:33.332Z - info: [USERS] List all
2025-10-16T14:58:17.206Z - info: Express server for Users listening on port3000
2025-10-16T15:02:49.020Z - info: Express server for Users listening on port3000
2025-10-16T15:03:37.042Z - info: Express server for Users listening on port3000
2025-10-16T15:03:50.788Z - info: [USERS] Register begin
2025-10-16T15:03:50.860Z - info: [USERS] Register ok
2025-10-16T15:04:25.883Z - info: Express server for Users listening on port3000
2025-10-16T15:06:34.569Z - info: Express server for Users listening on port3000
2025-10-16T15:06:59.931Z - info: [USERS] Register begin
2025-10-16T15:07:00.003Z - info: [USERS] Register ok
2025-10-16T15:07:05.529Z - info: [LOGIN] Begin
2025-10-16T15:07:05.585Z - info: [LOGIN] End (success)
2025-10-16T15:07:10.692Z - info: [USERS] List all
2025-10-16T15:08:45.313Z - info: Express server for Users listening on port3000
2025-10-16T15:09:51.812Z - info: [USERS] Register begin
2025-10-16T15:09:51.879Z - info: [USERS] Register ok
2025-10-16T15:09:55.867Z - info: [LOGIN] Begin
2025-10-16T15:09:55.923Z - info: [LOGIN] End (success)
2025-10-16T15:10:28.777Z - info: [USERS] List all
2025-10-16T15:10:41.028Z - info: [LOGIN] Begin
2025-10-16T15:10:41.078Z - info: [LOGIN] End (success)
2025-10-16T15:10:41.090Z - info: [USERS] List all
2025-10-16T15:10:46.937Z - info: [USERS] List all
2025-10-16T15:13:03.520Z - info: [LOGIN] Begin
2025-10-16T15:13:03.569Z - info: [LOGIN] End (success)
2025-10-16T15:13:03.621Z - info: [USERS] List all
2025-10-16T15:14:27.253Z - info: [LOGIN] Begin
2025-10-16T15:14:27.303Z - info: [LOGIN] End (success)
2025-10-16T15:14:27.432Z - info: [USERS] List all
2025-10-16T15:16:50.110Z - info: [LOGIN] Begin
2025-10-16T15:16:50.162Z - info: [LOGIN] End (success)
2025-10-16T15:18:41.666Z - info: [USERS] Register begin
2025-10-16T15:18:41.719Z - info: [USERS] Register ok
2025-10-16T15:18:46.119Z - info: [LOGIN] Begin
2025-10-16T15:18:46.168Z - info: [LOGIN] End (success)
2025-10-16T15:27:26.787Z - info: [LOGIN] Begin
2025-10-16T15:27:26.838Z - info: [LOGIN] End (success)
